// Jest Snapshot v1, https://goo.gl/fbAQLP

exports[`LogoContainer Snapshot matches the snapshot 1`] = `
<LogoContainer>
  <Logo
    text="netflixroulette"
  >
    <div
      className="logo"
    >
      netflixroulette
    </div>
  </Logo>
</LogoContainer>
`;
